#-----------------------------------------------------------
# Vivado v2020.2 (64-bit)
# SW Build 3064766 on Wed Nov 18 09:12:45 MST 2020
# IP Build 3064653 on Wed Nov 18 14:17:31 MST 2020
# Start of session at: Sat May  6 19:21:59 2023
# Process ID: 19292
# Current directory: C:/Users/daido/Desktop/Polimi/Anno 4/DESD/Git/KittCarPWM/AuDiOcOnSoLe
# Command line: vivado.exe -gui_launcher_event rodinguilauncherevent17056 C:\Users\daido\Desktop\Polimi\Anno 4\DESD\Git\KittCarPWM\AuDiOcOnSoLe\AuDiOcOnSoLe.xpr
# Log file: C:/Users/daido/Desktop/Polimi/Anno 4/DESD/Git/KittCarPWM/AuDiOcOnSoLe/vivado.log
# Journal file: C:/Users/daido/Desktop/Polimi/Anno 4/DESD/Git/KittCarPWM/AuDiOcOnSoLe\vivado.jou
#-----------------------------------------------------------
start_gui
open_project {C:/Users/daido/Desktop/Polimi/Anno 4/DESD/Git/KittCarPWM/AuDiOcOnSoLe/AuDiOcOnSoLe.xpr}
update_compile_order -fileset sources_1
open_bd_design {C:/Users/daido/Desktop/Polimi/Anno 4/DESD/Git/KittCarPWM/AuDiOcOnSoLe/AuDiOcOnSoLe.srcs/sources_1/bd/BlockDesign/BlockDesign.bd}
open_bd_design {C:/Users/daido/Desktop/Polimi/Anno 4/DESD/Git/KittCarPWM/AuDiOcOnSoLe/AuDiOcOnSoLe.srcs/sources_1/bd/BlockDesign/BlockDesign.bd}
set_property location {3 1139 -453} [get_bd_cells digilent_jstk2_0]
update_module_reference {BlockDesign_Debouncer_0_0 BlockDesign_Debouncer_1_0}
create_bd_cell -type module -reference EdgeDetector EdgeDetector_0
create_bd_cell -type module -reference EdgeDetector EdgeDetector_1
set_property location {3 1008 -249} [get_bd_cells EdgeDetector_1]
set_property location {3 1108 -784} [get_bd_cells digilent_jstk2_0]
set_property location {3 1070 -409} [get_bd_cells EdgeDetector_0]
set_property location {2.5 758 -404} [get_bd_cells Debouncer_0]
set_property location {3 783 -571} [get_bd_cells Debouncer_0]
set_property location {4 1081 -557} [get_bd_cells EdgeDetector_0]
set_property location {3 770 -397} [get_bd_cells Debouncer_1]
set_property location {4 1062 -389} [get_bd_cells EdgeDetector_1]
set_property location {3 750 -556} [get_bd_cells Debouncer_0]
set_property location {4.5 1362 -703} [get_bd_cells digilent_jstk2_0]
set_property location {4 1068 -395} [get_bd_cells EdgeDetector_1]
set_property location {4 1078 -400} [get_bd_cells EdgeDetector_1]
startgroup
set_property -dict [list CONFIG.PRIMITIVE {MMCM} CONFIG.CLKOUT1_REQUESTED_OUT_FREQ {100.00} CONFIG.CLKOUT2_REQUESTED_OUT_FREQ {22.579} CONFIG.CLKOUT1_DRIVES {BUFG} CONFIG.CLKOUT2_DRIVES {BUFG} CONFIG.CLKOUT3_DRIVES {BUFG} CONFIG.CLKOUT4_DRIVES {BUFG} CONFIG.CLKOUT5_DRIVES {BUFG} CONFIG.CLKOUT6_DRIVES {BUFG} CONFIG.CLKOUT7_DRIVES {BUFG} CONFIG.FEEDBACK_SOURCE {FDBK_AUTO} CONFIG.MMCM_BANDWIDTH {OPTIMIZED} CONFIG.MMCM_CLKFBOUT_MULT_F {7.000} CONFIG.MMCM_COMPENSATION {ZHOLD} CONFIG.MMCM_CLKOUT0_DIVIDE_F {7.000} CONFIG.MMCM_CLKOUT1_DIVIDE {31} CONFIG.CLKOUT1_JITTER {149.337} CONFIG.CLKOUT1_PHASE_ERROR {122.577} CONFIG.CLKOUT2_JITTER {201.826} CONFIG.CLKOUT2_PHASE_ERROR {122.577}] [get_bd_cells clk_wiz_0]
endgroup
connect_bd_net [get_bd_pins axi4stream_spi_master_0/aclk] [get_bd_pins EdgeDetector_0/output_signal]
undo
set_property location {-297 -59} [get_bd_ports reset]
set_property location {-141 -67} [get_bd_ports reset]
set_property location {-218 -28} [get_bd_ports sys_clock]
set_property location {-123 -42} [get_bd_ports sys_clock]
save_bd_design
update_compile_order -fileset sources_1
