Copyright 1986-2020 Xilinx, Inc. All Rights Reserved.
-----------------------------------------------------------------------------------------------------
| Tool Version : Vivado v.2020.2 (win64) Build 3064766 Wed Nov 18 09:12:45 MST 2020
| Date         : Fri Mar 31 17:13:03 2023
| Host         : DESKTOP-JKUPK39 running 64-bit major release  (build 9200)
| Command      : report_control_sets -verbose -file test_UART_packet_wrapper_control_sets_placed.rpt
| Design       : test_UART_packet_wrapper
| Device       : xc7a35t
-----------------------------------------------------------------------------------------------------

Control Set Information

Table of Contents
-----------------
1. Summary
2. Histogram
3. Flip-Flop Distribution
4. Detailed Control Set Information

1. Summary
----------

+----------------------------------------------------------+-------+
|                          Status                          | Count |
+----------------------------------------------------------+-------+
| Total control sets                                       |    13 |
|    Minimum number of control sets                        |    13 |
|    Addition due to synthesis replication                 |     0 |
|    Addition due to physical synthesis replication        |     0 |
| Unused register locations in slices containing registers |    40 |
+----------------------------------------------------------+-------+
* Control sets can be merged at opt_design using control_set_merge or merge_equivalent_drivers
** Run report_qor_suggestions for automated merging and remapping suggestions


2. Histogram
------------

+--------------------+-------+
|       Fanout       | Count |
+--------------------+-------+
| Total control sets |    13 |
| >= 0 to < 4        |     1 |
| >= 4 to < 6        |     2 |
| >= 6 to < 8        |     1 |
| >= 8 to < 10       |     1 |
| >= 10 to < 12      |     1 |
| >= 12 to < 14      |     1 |
| >= 14 to < 16      |     1 |
| >= 16              |     5 |
+--------------------+-------+
* Control sets can be remapped at either synth_design or opt_design


3. Flip-Flop Distribution
-------------------------

+--------------+-----------------------+------------------------+-----------------+--------------+
| Clock Enable | Synchronous Set/Reset | Asynchronous Set/Reset | Total Registers | Total Slices |
+--------------+-----------------------+------------------------+-----------------+--------------+
| No           | No                    | No                     |             108 |           22 |
| No           | No                    | Yes                    |               4 |            1 |
| No           | Yes                   | No                     |              53 |           19 |
| Yes          | No                    | No                     |               0 |            0 |
| Yes          | No                    | Yes                    |              11 |            2 |
| Yes          | Yes                   | No                     |             104 |           30 |
+--------------+-----------------------+------------------------+-----------------+--------------+


4. Detailed Control Set Information
-----------------------------------

+---------------------------------------------+------------------------------------------------------------------------------------------------------------------+--------------------------------------------------------------------------------------------------------------------------------------------------------------+------------------+----------------+--------------+
|                 Clock Signal                |                                                   Enable Signal                                                  |                                                                       Set/Reset Signal                                                                       | Slice Load Count | Bel Load Count | Bels / Slice |
+---------------------------------------------+------------------------------------------------------------------------------------------------------------------+--------------------------------------------------------------------------------------------------------------------------------------------------------------+------------------+----------------+--------------+
|  test_UART_packet_i/clk_wiz_0/inst/clk_out1 | test_UART_packet_i/jstk_uart_bridge_0_0/U0/FSM_sequential_tx_state[2]_i_1_n_0                                    | test_UART_packet_i/jstk_uart_bridge_0_0/U0/FSM_sequential_tx_state[2]_i_3_n_0                                                                                |                1 |              3 |         3.00 |
|  test_UART_packet_i/clk_wiz_0/inst/clk_out1 |                                                                                                                  | test_UART_packet_i/proc_sys_reset_0/U0/EXT_LPF/lpf_int                                                                                                       |                1 |              4 |         4.00 |
|  test_UART_packet_i/clk_wiz_0/inst/clk_out1 |                                                                                                                  | test_UART_packet_i/AXI4Stream_UART_0/U0/FIFO_DATA_TX/gnuram_async_fifo.xpm_fifo_base_inst/xpm_fifo_rst_inst/FSM_onehot_gen_rst_ic.curr_wrst_state[4]_i_1_n_0 |                1 |              4 |         4.00 |
|  test_UART_packet_i/clk_wiz_0/inst/clk_out1 | test_UART_packet_i/proc_sys_reset_0/U0/SEQ/seq_cnt_en                                                            | test_UART_packet_i/proc_sys_reset_0/U0/SEQ/SEQ_COUNTER/clear                                                                                                 |                1 |              6 |         6.00 |
|  test_UART_packet_i/clk_wiz_0/inst/clk_out1 | test_UART_packet_i/AXI4Stream_UART_0/U0/UART_Manager_inst/data_stream_in[7]_i_1_n_0                              | test_UART_packet_i/proc_sys_reset_0/U0/peripheral_reset[0]                                                                                                   |                1 |              8 |         8.00 |
|  test_UART_packet_i/clk_wiz_0/inst/clk_out1 | test_UART_packet_i/AXI4Stream_UART_0/U0/UART_Manager_inst/Inst_uart/uart_tx_count[2]_i_1_n_0                     | test_UART_packet_i/proc_sys_reset_0/U0/peripheral_reset[0]                                                                                                   |                5 |             10 |         2.00 |
|  test_UART_packet_i/clk_wiz_0/inst/clk_out1 |                                                                                                                  | test_UART_packet_i/AXI4Stream_UART_0/U0/FIFO_DATA_TX/gnuram_async_fifo.xpm_fifo_base_inst/xpm_fifo_rst_inst/wrst_busy                                        |                5 |             12 |         2.40 |
|  test_UART_packet_i/clk_wiz_0/inst/clk_out1 |                                                                                                                  | test_UART_packet_i/AXI4Stream_UART_0/U0/FIFO_DATA_TX/gnuram_async_fifo.xpm_fifo_base_inst/xpm_fifo_rst_inst/gen_rst_ic.fifo_rd_rst_ic_reg_0                  |                6 |             15 |         2.50 |
|  test_UART_packet_i/clk_wiz_0/inst/clk_out1 | test_UART_packet_i/jstk_uart_bridge_0_0/U0/counter_delay0                                                        | test_UART_packet_i/jstk_uart_bridge_0_0/U0/counter_delay[19]_i_1_n_0                                                                                         |                6 |             20 |         3.33 |
|  test_UART_packet_i/clk_wiz_0/inst/clk_out1 |                                                                                                                  | test_UART_packet_i/proc_sys_reset_0/U0/peripheral_reset[0]                                                                                                   |                7 |             22 |         3.14 |
|  test_UART_packet_i/clk_wiz_0/inst/clk_out1 | test_UART_packet_i/AXI4Stream_UART_0/U0/FIFO_DATA_TX/gnuram_async_fifo.xpm_fifo_base_inst/rdp_inst/E[0]          | test_UART_packet_i/AXI4Stream_UART_0/U0/FIFO_DATA_TX/gnuram_async_fifo.xpm_fifo_base_inst/xpm_fifo_rst_inst/gen_rst_ic.fifo_rd_rst_ic_reg_0                  |                6 |             23 |         3.83 |
|  test_UART_packet_i/clk_wiz_0/inst/clk_out1 | test_UART_packet_i/AXI4Stream_UART_0/U0/FIFO_DATA_TX/gnuram_async_fifo.xpm_fifo_base_inst/xpm_fifo_rst_inst/E[0] | test_UART_packet_i/AXI4Stream_UART_0/U0/FIFO_DATA_TX/gnuram_async_fifo.xpm_fifo_base_inst/xpm_fifo_rst_inst/wrst_busy                                        |               12 |             45 |         3.75 |
|  test_UART_packet_i/clk_wiz_0/inst/clk_out1 |                                                                                                                  |                                                                                                                                                              |               23 |            109 |         4.74 |
+---------------------------------------------+------------------------------------------------------------------------------------------------------------------+--------------------------------------------------------------------------------------------------------------------------------------------------------------+------------------+----------------+--------------+


