#-----------------------------------------------------------
# Vivado v2020.2 (64-bit)
# SW Build 3064766 on Wed Nov 18 09:12:45 MST 2020
# IP Build 3064653 on Wed Nov 18 14:17:31 MST 2020
# Start of session at: Mon May 22 23:55:03 2023
# Process ID: 31172
# Current directory: C:/Users/daido/Desktop/Polimi/Anno 4/DESD/Git/KittCarPWM/AuDiOcOnSoLe/AuDiOcOnSoLe.runs/BlockDesign_VolumeController_0_0_synth_1
# Command line: vivado.exe -log BlockDesign_VolumeController_0_0.vds -product Vivado -mode batch -messageDb vivado.pb -notrace -source BlockDesign_VolumeController_0_0.tcl
# Log file: C:/Users/daido/Desktop/Polimi/Anno 4/DESD/Git/KittCarPWM/AuDiOcOnSoLe/AuDiOcOnSoLe.runs/BlockDesign_VolumeController_0_0_synth_1/BlockDesign_VolumeController_0_0.vds
# Journal file: C:/Users/daido/Desktop/Polimi/Anno 4/DESD/Git/KittCarPWM/AuDiOcOnSoLe/AuDiOcOnSoLe.runs/BlockDesign_VolumeController_0_0_synth_1\vivado.jou
#-----------------------------------------------------------
source BlockDesign_VolumeController_0_0.tcl -notrace
