#-----------------------------------------------------------
# Vivado v2020.2 (64-bit)
# SW Build 3064766 on Wed Nov 18 09:12:47 MST 2020
# IP Build 3064653 on Wed Nov 18 14:17:31 MST 2020
# Start of session at: Fri Mar 31 17:37:05 2023
# Process ID: 4567
# Current directory: /home/stexo/Nextcloud/uni/Polimi/8_Semester/DESD/labs/DESD_LABS/Joystick_SPI_tester/Joystick_SPI_tester.runs/joysticktester_proc_sys_reset_0_0_synth_1
# Command line: vivado -log joysticktester_proc_sys_reset_0_0.vds -product Vivado -mode batch -messageDb vivado.pb -notrace -source joysticktester_proc_sys_reset_0_0.tcl
# Log file: /home/stexo/Nextcloud/uni/Polimi/8_Semester/DESD/labs/DESD_LABS/Joystick_SPI_tester/Joystick_SPI_tester.runs/joysticktester_proc_sys_reset_0_0_synth_1/joysticktester_proc_sys_reset_0_0.vds
# Journal file: /home/stexo/Nextcloud/uni/Polimi/8_Semester/DESD/labs/DESD_LABS/Joystick_SPI_tester/Joystick_SPI_tester.runs/joysticktester_proc_sys_reset_0_0_synth_1/vivado.jou
#-----------------------------------------------------------
source joysticktester_proc_sys_reset_0_0.tcl -notrace
