#-----------------------------------------------------------
# Vivado v2020.2 (64-bit)
# SW Build 3064766 on Wed Nov 18 09:12:45 MST 2020
# IP Build 3064653 on Wed Nov 18 14:17:31 MST 2020
# Start of session at: Fri Mar 31 17:17:13 2023
# Process ID: 28548
# Current directory: C:/Users/daido/Desktop/Polimi/Anno 4/DESD/Git/KittCarPWM/Joystick_SPI_tester
# Command line: vivado.exe -gui_launcher_event rodinguilauncherevent19516 C:\Users\daido\Desktop\Polimi\Anno 4\DESD\Git\KittCarPWM\Joystick_SPI_tester\Joystick_SPI_tester.xpr
# Log file: C:/Users/daido/Desktop/Polimi/Anno 4/DESD/Git/KittCarPWM/Joystick_SPI_tester/vivado.log
# Journal file: C:/Users/daido/Desktop/Polimi/Anno 4/DESD/Git/KittCarPWM/Joystick_SPI_tester\vivado.jou
#-----------------------------------------------------------
start_gui
open_project {C:/Users/daido/Desktop/Polimi/Anno 4/DESD/Git/KittCarPWM/Joystick_SPI_tester/Joystick_SPI_tester.xpr}
update_compile_order -fileset sources_1
open_bd_design {C:/Users/daido/Desktop/Polimi/Anno 4/DESD/Git/KittCarPWM/Joystick_SPI_tester/Joystick_SPI_tester.srcs/sources_1/bd/joysticktester/joysticktester.bd}
update_module_reference joysticktester_digilent_jstk2_0_0
synth_design -rtl -rtl_skip_mlo -name rtl_1
open_bd_design {C:/Users/daido/Desktop/Polimi/Anno 4/DESD/Git/KittCarPWM/Joystick_SPI_tester/Joystick_SPI_tester.srcs/sources_1/bd/joysticktester/joysticktester.bd}
launch_runs synth_1 -jobs 6
wait_on_run synth_1
reset_run joysticktester_digilent_jstk2_0_0_synth_1
reset_run joysticktester_axi4stream_spi_master_0_0_synth_1
reset_run joysticktester_clk_wiz_0_0_synth_1
reset_run joysticktester_proc_sys_reset_0_0_synth_1
reset_run synth_1
launch_runs synth_1 -jobs 6
wait_on_run synth_1
delete_bd_objs [get_bd_nets clk_wiz_0_locked] [get_bd_cells proc_sys_reset_0]
startgroup
create_bd_cell -type ip -vlnv xilinx.com:ip:proc_sys_reset:5.0 proc_sys_reset_0
endgroup
set_property location {2 120 -481} [get_bd_cells proc_sys_reset_0]
connect_bd_net [get_bd_pins proc_sys_reset_0/slowest_sync_clk] [get_bd_pins clk_wiz_0/clk_out1]
connect_bd_net [get_bd_ports reset] [get_bd_pins proc_sys_reset_0/ext_reset_in]
connect_bd_net [get_bd_pins proc_sys_reset_0/dcm_locked] [get_bd_pins clk_wiz_0/locked]
connect_bd_net [get_bd_pins proc_sys_reset_0/peripheral_aresetn] [get_bd_pins axi4stream_spi_master_0/aresetn]
regenerate_bd_layout
reset_run joysticktester_digilent_jstk2_0_0_synth_1
launch_runs joysticktester_digilent_jstk2_0_0_synth_1
wait_on_run joysticktester_digilent_jstk2_0_0_synth_1
reset_run joysticktester_clk_wiz_0_0_synth_1
launch_runs joysticktester_clk_wiz_0_0_synth_1
wait_on_run joysticktester_clk_wiz_0_0_synth_1
refresh_design
open_bd_design {C:/Users/daido/Desktop/Polimi/Anno 4/DESD/Git/KittCarPWM/Joystick_SPI_tester/Joystick_SPI_tester.srcs/sources_1/bd/joysticktester/joysticktester.bd}
delete_bd_objs [get_bd_intf_nets axi4stream_spi_master_0_SPI_M] [get_bd_intf_nets digilent_jstk2_0_m_axis] [get_bd_intf_nets axi4stream_spi_master_0_M_AXIS] [get_bd_cells axi4stream_spi_master_0]
set_property  ip_repo_paths  {} [current_project]
update_ip_catalog
set_property  ip_repo_paths  {{C:/Users/daido/Desktop/Polimi/Anno 4/DESD/IP/ip_repo}} [current_project]
update_ip_catalog
startgroup
create_bd_cell -type ip -vlnv DigiLAB:ip:axi4stream_spi_master:1.0 axi4stream_spi_master_0
endgroup
set_property location {4 901 -80} [get_bd_cells axi4stream_spi_master_0]
connect_bd_intf_net [get_bd_intf_pins axi4stream_spi_master_0/S_AXIS] [get_bd_intf_pins digilent_jstk2_0/m_axis]
connect_bd_intf_net [get_bd_intf_ports SPI_M_0] [get_bd_intf_pins axi4stream_spi_master_0/SPI_M]
connect_bd_intf_net [get_bd_intf_pins axi4stream_spi_master_0/M_AXIS] [get_bd_intf_pins digilent_jstk2_0/s_axis]
connect_bd_net [get_bd_pins axi4stream_spi_master_0/aclk] [get_bd_pins clk_wiz_0/clk_out1]
connect_bd_net [get_bd_pins axi4stream_spi_master_0/aresetn] [get_bd_pins proc_sys_reset_0/peripheral_aresetn]
save_bd_design
reset_run synth_1
launch_runs synth_1 -jobs 6
wait_on_run synth_1
update_module_reference joysticktester_digilent_jstk2_0_0
generate_target all [get_files {{C:/Users/daido/Desktop/Polimi/Anno 4/DESD/Git/KittCarPWM/Joystick_SPI_tester/Joystick_SPI_tester.srcs/sources_1/bd/joysticktester/joysticktester.bd}}]
create_ip_run [get_files -of_objects [get_fileset sources_1] {{C:/Users/daido/Desktop/Polimi/Anno 4/DESD/Git/KittCarPWM/Joystick_SPI_tester/Joystick_SPI_tester.srcs/sources_1/bd/joysticktester/joysticktester.bd}}]
launch_runs joysticktester_digilent_jstk2_0_0_synth_1
wait_on_run joysticktester_digilent_jstk2_0_0_synth_1
refresh_design
open_bd_design {C:/Users/daido/Desktop/Polimi/Anno 4/DESD/Git/KittCarPWM/Joystick_SPI_tester/Joystick_SPI_tester.srcs/sources_1/bd/joysticktester/joysticktester.bd}
make_wrapper -files [get_files {{C:/Users/daido/Desktop/Polimi/Anno 4/DESD/Git/KittCarPWM/Joystick_SPI_tester/Joystick_SPI_tester.srcs/sources_1/bd/joysticktester/joysticktester.bd}}] -top
reset_run joysticktester_digilent_jstk2_0_0_synth_1
reset_run synth_1
launch_runs synth_1 -jobs 6
wait_on_run synth_1
delete_bd_objs [get_bd_intf_nets digilent_jstk2_0_m_axis] [get_bd_intf_nets axi4stream_spi_master_0_M_AXIS] [get_bd_cells digilent_jstk2_0]
update_compile_order -fileset sources_1
update_module_reference joysticktester_digilent_jstk2_0_0
open_bd_design {C:/Users/daido/Desktop/Polimi/Anno 4/DESD/Git/KittCarPWM/Joystick_SPI_tester/Joystick_SPI_tester.srcs/sources_1/bd/joysticktester/joysticktester.bd}
update_module_reference joysticktester_digilent_jstk2_0_0
create_bd_cell -type module -reference digilent_jstk2 digilent_jstk2_0
set_property location {3 952 169} [get_bd_cells digilent_jstk2_0]
connect_bd_net [get_bd_pins digilent_jstk2_0/aclk] [get_bd_pins clk_wiz_0/clk_out1]
connect_bd_net [get_bd_pins digilent_jstk2_0/aresetn] [get_bd_pins proc_sys_reset_0/peripheral_aresetn]
connect_bd_intf_net [get_bd_intf_pins digilent_jstk2_0/m_axis] [get_bd_intf_pins axi4stream_spi_master_0/S_AXIS]
set_property location {3 1012 126} [get_bd_cells digilent_jstk2_0]
connect_bd_intf_net [get_bd_intf_pins digilent_jstk2_0/s_axis] [get_bd_intf_pins axi4stream_spi_master_0/M_AXIS]
save_bd_design
update_compile_order -fileset sources_1
generate_target all [get_files {{C:/Users/daido/Desktop/Polimi/Anno 4/DESD/Git/KittCarPWM/Joystick_SPI_tester/Joystick_SPI_tester.srcs/sources_1/bd/joysticktester/joysticktester.bd}}]
create_ip_run [get_files -of_objects [get_fileset sources_1] {{C:/Users/daido/Desktop/Polimi/Anno 4/DESD/Git/KittCarPWM/Joystick_SPI_tester/Joystick_SPI_tester.srcs/sources_1/bd/joysticktester/joysticktester.bd}}]
launch_runs joysticktester_digilent_jstk2_0_1_synth_1
wait_on_run joysticktester_digilent_jstk2_0_1_synth_1
refresh_design
reset_run synth_1
launch_runs synth_1 -jobs 6
wait_on_run synth_1
close_design
open_run synth_1 -name synth_1
launch_runs impl_1 -to_step write_bitstream -jobs 6
wait_on_run impl_1
open_bd_design {C:/Users/daido/Desktop/Polimi/Anno 4/DESD/Git/KittCarPWM/Joystick_SPI_tester/Joystick_SPI_tester.srcs/sources_1/bd/joysticktester/joysticktester.bd}
update_module_reference joysticktester_digilent_jstk2_0_1
update_module_reference joysticktester_digilent_jstk2_0_1
generate_target all [get_files {{C:/Users/daido/Desktop/Polimi/Anno 4/DESD/Git/KittCarPWM/Joystick_SPI_tester/Joystick_SPI_tester.srcs/sources_1/bd/joysticktester/joysticktester.bd}}]
create_ip_run [get_files -of_objects [get_fileset sources_1] {{C:/Users/daido/Desktop/Polimi/Anno 4/DESD/Git/KittCarPWM/Joystick_SPI_tester/Joystick_SPI_tester.srcs/sources_1/bd/joysticktester/joysticktester.bd}}]
launch_runs joysticktester_digilent_jstk2_0_1_synth_1
wait_on_run joysticktester_digilent_jstk2_0_1_synth_1
synth_design -rtl -rtl_skip_mlo -name rtl_1
reset_run synth_1
launch_runs synth_1 -jobs 6
wait_on_run synth_1
current_design synth_1
close_design
open_run synth_1 -name synth_1
open_bd_design {C:/Users/daido/Desktop/Polimi/Anno 4/DESD/Git/KittCarPWM/Joystick_SPI_tester/Joystick_SPI_tester.srcs/sources_1/bd/joysticktester/joysticktester.bd}
set_property package_pin "" [get_ports [list  SPI_M_0_io0_io]]
place_ports SPI_M_0_sck_io G2
place_ports SPI_M_0_ss_io J1
place_ports SPI_M_0_io0_io J2
place_ports SPI_M_0_io1_io L2
set_property IOSTANDARD LVCMOS18 [get_ports [list SPI_M_0_io0_io SPI_M_0_io1_io SPI_M_0_sck_io SPI_M_0_ss_io]]
file mkdir {C:/Users/daido/Desktop/Polimi/Anno 4/DESD/Git/KittCarPWM/Joystick_SPI_tester/Joystick_SPI_tester.srcs/constrs_1/new}
close [ open {C:/Users/daido/Desktop/Polimi/Anno 4/DESD/Git/KittCarPWM/Joystick_SPI_tester/Joystick_SPI_tester.srcs/constrs_1/new/Pinout_SPI.xdc} w ]
add_files -fileset constrs_1 {{C:/Users/daido/Desktop/Polimi/Anno 4/DESD/Git/KittCarPWM/Joystick_SPI_tester/Joystick_SPI_tester.srcs/constrs_1/new/Pinout_SPI.xdc}}
set_property target_constrs_file {C:/Users/daido/Desktop/Polimi/Anno 4/DESD/Git/KittCarPWM/Joystick_SPI_tester/Joystick_SPI_tester.srcs/constrs_1/new/Pinout_SPI.xdc} [current_fileset -constrset]
save_constraints -force
reset_run synth_1
launch_runs synth_1 -jobs 6
wait_on_run synth_1
close_design
open_run synth_1 -name synth_1
launch_runs impl_1 -to_step write_bitstream -jobs 6
wait_on_run impl_1
open_hw_manager
connect_hw_server -allow_non_jtag
disconnect_hw_server localhost:3121
connect_hw_server -allow_non_jtag
open_hw_target
set_property PROGRAM.FILE {C:/Users/daido/Desktop/Polimi/Anno 4/DESD/Git/KittCarPWM/Joystick_SPI_tester/Joystick_SPI_tester.runs/impl_1/joysticktester_wrapper.bit} [get_hw_devices xc7a35t_0]
current_hw_device [get_hw_devices xc7a35t_0]
refresh_hw_device -update_hw_probes false [lindex [get_hw_devices xc7a35t_0] 0]
set_property PROBES.FILE {} [get_hw_devices xc7a35t_0]
set_property FULL_PROBES.FILE {} [get_hw_devices xc7a35t_0]
set_property PROGRAM.FILE {C:/Users/daido/Desktop/Polimi/Anno 4/DESD/Git/KittCarPWM/Joystick_SPI_tester/Joystick_SPI_tester.runs/impl_1/joysticktester_wrapper.bit} [get_hw_devices xc7a35t_0]
program_hw_devices [get_hw_devices xc7a35t_0]
refresh_hw_device [lindex [get_hw_devices xc7a35t_0] 0]
current_design rtl_1
create_ip_run [get_files -of_objects [get_fileset sources_1] {{C:/Users/daido/Desktop/Polimi/Anno 4/DESD/Git/KittCarPWM/Joystick_SPI_tester/Joystick_SPI_tester.srcs/sources_1/bd/joysticktester/joysticktester.bd}}]
refresh_design
reset_run synth_1
update_module_reference joysticktester_digilent_jstk2_0_1
launch_runs synth_1 -jobs 6
wait_on_run synth_1
current_design synth_1
close_design
open_run synth_1 -name synth_1
launch_runs impl_1 -to_step write_bitstream -jobs 6
wait_on_run impl_1
set_property IOSTANDARD LVCMOS33 [get_ports [list SPI_M_0_io0_io SPI_M_0_io1_io SPI_M_0_sck_io SPI_M_0_ss_io]]
reset_run impl_1 -prev_step 
save_constraints
reset_run impl_1
launch_runs impl_1 -to_step write_bitstream -jobs 6
wait_on_run impl_1
set_property PROBES.FILE {} [get_hw_devices xc7a35t_0]
set_property FULL_PROBES.FILE {} [get_hw_devices xc7a35t_0]
set_property PROGRAM.FILE {C:/Users/daido/Desktop/Polimi/Anno 4/DESD/Git/KittCarPWM/Joystick_SPI_tester/Joystick_SPI_tester.runs/impl_1/joysticktester_wrapper.bit} [get_hw_devices xc7a35t_0]
program_hw_devices [get_hw_devices xc7a35t_0]
refresh_hw_device [lindex [get_hw_devices xc7a35t_0] 0]
reset_run synth_1
launch_runs synth_1 -jobs 6
wait_on_run synth_1
close_design
open_run synth_1 -name synth_1
startgroup
set_property package_pin "" [get_ports [list  SPI_M_0_io1_io]]
place_ports SPI_M_0_io0_io L2
endgroup
place_ports SPI_M_0_io1_io J2
save_constraints
reset_run synth_1
launch_runs synth_1 -jobs 6
wait_on_run synth_1
close_design
open_run synth_1 -name synth_1
current_design rtl_1
create_ip_run [get_files -of_objects [get_fileset sources_1] {{C:/Users/daido/Desktop/Polimi/Anno 4/DESD/Git/KittCarPWM/Joystick_SPI_tester/Joystick_SPI_tester.srcs/sources_1/bd/joysticktester/joysticktester.bd}}]
refresh_design
reset_run synth_1
update_module_reference joysticktester_digilent_jstk2_0_1
launch_runs synth_1 -jobs 6
wait_on_run synth_1
current_design synth_1
close_design
open_run synth_1 -name synth_1
launch_runs impl_1 -to_step write_bitstream -jobs 6
wait_on_run impl_1
set_property PROBES.FILE {} [get_hw_devices xc7a35t_0]
set_property FULL_PROBES.FILE {} [get_hw_devices xc7a35t_0]
set_property PROGRAM.FILE {C:/Users/daido/Desktop/Polimi/Anno 4/DESD/Git/KittCarPWM/Joystick_SPI_tester/Joystick_SPI_tester.runs/impl_1/joysticktester_wrapper.bit} [get_hw_devices xc7a35t_0]
program_hw_devices [get_hw_devices xc7a35t_0]
refresh_hw_device [lindex [get_hw_devices xc7a35t_0] 0]
set_property PROBES.FILE {} [get_hw_devices xc7a35t_0]
set_property FULL_PROBES.FILE {} [get_hw_devices xc7a35t_0]
set_property PROGRAM.FILE {C:/Users/daido/Desktop/Polimi/Anno 4/DESD/Git/KittCarPWM/Joystick_SPI_tester/Joystick_SPI_tester.runs/impl_1/joysticktester_wrapper.bit} [get_hw_devices xc7a35t_0]
program_hw_devices [get_hw_devices xc7a35t_0]
refresh_hw_device [lindex [get_hw_devices xc7a35t_0] 0]
reset_run synth_1
launch_runs synth_1 -jobs 6
wait_on_run synth_1
close_design
open_run synth_1 -name synth_1
startgroup
set_property package_pin "" [get_ports [list  SPI_M_0_io1_io]]
place_ports SPI_M_0_io0_io J2
endgroup
place_ports SPI_M_0_io1_io L2
save_constraints
launch_runs impl_1 -to_step write_bitstream -jobs 6
wait_on_run impl_1
set_property PROBES.FILE {} [get_hw_devices xc7a35t_0]
set_property FULL_PROBES.FILE {} [get_hw_devices xc7a35t_0]
set_property PROGRAM.FILE {C:/Users/daido/Desktop/Polimi/Anno 4/DESD/Git/KittCarPWM/Joystick_SPI_tester/Joystick_SPI_tester.runs/impl_1/joysticktester_wrapper.bit} [get_hw_devices xc7a35t_0]
program_hw_devices [get_hw_devices xc7a35t_0]
refresh_hw_device [lindex [get_hw_devices xc7a35t_0] 0]
current_design rtl_1
create_ip_run [get_files -of_objects [get_fileset sources_1] {{C:/Users/daido/Desktop/Polimi/Anno 4/DESD/Git/KittCarPWM/Joystick_SPI_tester/Joystick_SPI_tester.srcs/sources_1/bd/joysticktester/joysticktester.bd}}]
refresh_design
reset_run synth_1
update_module_reference joysticktester_digilent_jstk2_0_1
launch_runs synth_1 -jobs 6
wait_on_run synth_1
current_design synth_1
close_design
open_run synth_1 -name synth_1
launch_runs impl_1 -to_step write_bitstream -jobs 6
wait_on_run impl_1
set_property PROBES.FILE {} [get_hw_devices xc7a35t_0]
set_property FULL_PROBES.FILE {} [get_hw_devices xc7a35t_0]
set_property PROGRAM.FILE {C:/Users/daido/Desktop/Polimi/Anno 4/DESD/Git/KittCarPWM/Joystick_SPI_tester/Joystick_SPI_tester.runs/impl_1/joysticktester_wrapper.bit} [get_hw_devices xc7a35t_0]
program_hw_devices [get_hw_devices xc7a35t_0]
refresh_hw_device [lindex [get_hw_devices xc7a35t_0] 0]
set_property PROBES.FILE {} [get_hw_devices xc7a35t_0]
set_property FULL_PROBES.FILE {} [get_hw_devices xc7a35t_0]
set_property PROGRAM.FILE {C:/Users/daido/Desktop/Polimi/Anno 4/DESD/Git/KittCarPWM/Joystick_SPI_tester/Joystick_SPI_tester.runs/impl_1/joysticktester_wrapper.bit} [get_hw_devices xc7a35t_0]
program_hw_devices [get_hw_devices xc7a35t_0]
refresh_hw_device [lindex [get_hw_devices xc7a35t_0] 0]
open_bd_design {C:/Users/daido/Desktop/Polimi/Anno 4/DESD/Git/KittCarPWM/Joystick_SPI_tester/Joystick_SPI_tester.srcs/sources_1/bd/joysticktester/joysticktester.bd}
update_module_reference joysticktester_digilent_jstk2_0_1
reset_run synth_1
launch_runs synth_1 -jobs 6
wait_on_run synth_1
close_design
open_run synth_1 -name synth_1
launch_runs impl_1 -to_step write_bitstream -jobs 6
wait_on_run impl_1
set_property PROBES.FILE {} [get_hw_devices xc7a35t_0]
set_property FULL_PROBES.FILE {} [get_hw_devices xc7a35t_0]
set_property PROGRAM.FILE {C:/Users/daido/Desktop/Polimi/Anno 4/DESD/Git/KittCarPWM/Joystick_SPI_tester/Joystick_SPI_tester.runs/impl_1/joysticktester_wrapper.bit} [get_hw_devices xc7a35t_0]
program_hw_devices [get_hw_devices xc7a35t_0]
refresh_hw_device [lindex [get_hw_devices xc7a35t_0] 0]
current_design rtl_1
create_ip_run [get_files -of_objects [get_fileset sources_1] {{C:/Users/daido/Desktop/Polimi/Anno 4/DESD/Git/KittCarPWM/Joystick_SPI_tester/Joystick_SPI_tester.srcs/sources_1/bd/joysticktester/joysticktester.bd}}]
refresh_design
open_bd_design {C:/Users/daido/Desktop/Polimi/Anno 4/DESD/Git/KittCarPWM/Joystick_SPI_tester/Joystick_SPI_tester.srcs/sources_1/bd/joysticktester/joysticktester.bd}
update_module_reference joysticktester_digilent_jstk2_0_1
generate_target all [get_files {{C:/Users/daido/Desktop/Polimi/Anno 4/DESD/Git/KittCarPWM/Joystick_SPI_tester/Joystick_SPI_tester.srcs/sources_1/bd/joysticktester/joysticktester.bd}}]
create_ip_run [get_files -of_objects [get_fileset sources_1] {{C:/Users/daido/Desktop/Polimi/Anno 4/DESD/Git/KittCarPWM/Joystick_SPI_tester/Joystick_SPI_tester.srcs/sources_1/bd/joysticktester/joysticktester.bd}}]
launch_runs joysticktester_digilent_jstk2_0_1_synth_1
wait_on_run joysticktester_digilent_jstk2_0_1_synth_1
refresh_design
reset_run synth_1
launch_runs synth_1 -jobs 6
wait_on_run synth_1
current_design synth_1
close_design
open_run synth_1 -name synth_1
launch_runs impl_1 -to_step write_bitstream -jobs 6
wait_on_run impl_1
set_property PROBES.FILE {} [get_hw_devices xc7a35t_0]
set_property FULL_PROBES.FILE {} [get_hw_devices xc7a35t_0]
set_property PROGRAM.FILE {C:/Users/daido/Desktop/Polimi/Anno 4/DESD/Git/KittCarPWM/Joystick_SPI_tester/Joystick_SPI_tester.runs/impl_1/joysticktester_wrapper.bit} [get_hw_devices xc7a35t_0]
program_hw_devices [get_hw_devices xc7a35t_0]
refresh_hw_device [lindex [get_hw_devices xc7a35t_0] 0]
set_property PROBES.FILE {} [get_hw_devices xc7a35t_0]
set_property FULL_PROBES.FILE {} [get_hw_devices xc7a35t_0]
set_property PROGRAM.FILE {C:/Users/daido/Desktop/Polimi/Anno 4/DESD/Git/KittCarPWM/Joystick_SPI_tester/Joystick_SPI_tester.runs/impl_1/joysticktester_wrapper.bit} [get_hw_devices xc7a35t_0]
program_hw_devices [get_hw_devices xc7a35t_0]
refresh_hw_device [lindex [get_hw_devices xc7a35t_0] 0]
