Copyright 1986-2020 Xilinx, Inc. All Rights Reserved.
-----------------------------------------------------------------------------------------------
| Tool Version : Vivado v.2020.2 (win64) Build 3064766 Wed Nov 18 09:12:45 MST 2020
| Date         : Mon Mar 27 19:38:33 2023
| Host         : DESKTOP-JKUPK39 running 64-bit major release  (build 9200)
| Command      : report_control_sets -verbose -file Color2Grey_wrapper_control_sets_placed.rpt
| Design       : Color2Grey_wrapper
| Device       : xc7a35t
-----------------------------------------------------------------------------------------------

Control Set Information

Table of Contents
-----------------
1. Summary
2. Histogram
3. Flip-Flop Distribution
4. Detailed Control Set Information

1. Summary
----------

+----------------------------------------------------------+-------+
|                          Status                          | Count |
+----------------------------------------------------------+-------+
| Total control sets                                       |    22 |
|    Minimum number of control sets                        |    22 |
|    Addition due to synthesis replication                 |     0 |
|    Addition due to physical synthesis replication        |     0 |
| Unused register locations in slices containing registers |    60 |
+----------------------------------------------------------+-------+
* Control sets can be merged at opt_design using control_set_merge or merge_equivalent_drivers
** Run report_qor_suggestions for automated merging and remapping suggestions


2. Histogram
------------

+--------------------+-------+
|       Fanout       | Count |
+--------------------+-------+
| Total control sets |    22 |
| >= 0 to < 4        |     1 |
| >= 4 to < 6        |     4 |
| >= 6 to < 8        |     1 |
| >= 8 to < 10       |     4 |
| >= 10 to < 12      |     2 |
| >= 12 to < 14      |     2 |
| >= 14 to < 16      |     2 |
| >= 16              |     6 |
+--------------------+-------+
* Control sets can be remapped at either synth_design or opt_design


3. Flip-Flop Distribution
-------------------------

+--------------+-----------------------+------------------------+-----------------+--------------+
| Clock Enable | Synchronous Set/Reset | Asynchronous Set/Reset | Total Registers | Total Slices |
+--------------+-----------------------+------------------------+-----------------+--------------+
| No           | No                    | No                     |             189 |           46 |
| No           | No                    | Yes                    |               5 |            2 |
| No           | Yes                   | No                     |              99 |           43 |
| Yes          | No                    | No                     |              12 |            3 |
| Yes          | No                    | Yes                    |              19 |            4 |
| Yes          | Yes                   | No                     |             160 |           42 |
+--------------+-----------------------+------------------------+-----------------+--------------+


4. Detailed Control Set Information
-----------------------------------

+---------------------------------------+------------------------------------------------------------------------------------------------------------+--------------------------------------------------------------------------------------------------------------------------------------------------------+------------------+----------------+--------------+
|              Clock Signal             |                                                Enable Signal                                               |                                                                    Set/Reset Signal                                                                    | Slice Load Count | Bel Load Count | Bels / Slice |
+---------------------------------------+------------------------------------------------------------------------------------------------------------+--------------------------------------------------------------------------------------------------------------------------------------------------------+------------------+----------------+--------------+
|  Color2Grey_i/clk_wiz_0/inst/clk_out1 | Color2Grey_i/C2G_0/U0//i__n_0                                                                              | Color2Grey_i/C2G_0/U0/FSM_onehot_state[1]_i_1_n_0                                                                                                      |                1 |              3 |         3.00 |
|  Color2Grey_i/clk_wiz_0/inst/clk_out1 |                                                                                                            | Color2Grey_i/AXI4Stream_UART_0/U0/FIFO_DATA_TX/gnuram_async_fifo.xpm_fifo_base_inst/xpm_fifo_rst_inst/FSM_onehot_gen_rst_ic.curr_wrst_state[4]_i_1_n_0 |                2 |              4 |         2.00 |
|  Color2Grey_i/clk_wiz_0/inst/clk_out1 |                                                                                                            | Color2Grey_i/proc_sys_reset_0/U0/EXT_LPF/lpf_int                                                                                                       |                3 |              4 |         1.33 |
|  Color2Grey_i/clk_wiz_0/inst/clk_out1 |                                                                                                            | Color2Grey_i/AXI4Stream_UART_0/U0/FIFO_DATA_RX/gnuram_async_fifo.xpm_fifo_base_inst/xpm_fifo_rst_inst/FSM_onehot_gen_rst_ic.curr_wrst_state[4]_i_1_n_0 |                2 |              4 |         2.00 |
|  Color2Grey_i/clk_wiz_0/inst/clk_out1 | Color2Grey_i/AXI4Stream_UART_0/U0/UART_Manager_inst/Inst_uart/rx_baud_tick__0                              |                                                                                                                                                        |                1 |              4 |         4.00 |
|  Color2Grey_i/clk_wiz_0/inst/clk_out1 | Color2Grey_i/proc_sys_reset_0/U0/SEQ/seq_cnt_en                                                            | Color2Grey_i/proc_sys_reset_0/U0/SEQ/SEQ_COUNTER/clear                                                                                                 |                1 |              6 |         6.00 |
|  Color2Grey_i/clk_wiz_0/inst/clk_out1 | Color2Grey_i/C2G_0/U0/m_axis_tdata0                                                                        |                                                                                                                                                        |                2 |              8 |         4.00 |
|  Color2Grey_i/clk_wiz_0/inst/clk_out1 | Color2Grey_i/C2G_0/U0/result0                                                                              | Color2Grey_i/C2G_0/U0/result[7]_i_1_n_0                                                                                                                |                2 |              8 |         4.00 |
|  Color2Grey_i/clk_wiz_0/inst/clk_out1 | Color2Grey_i/AXI4Stream_UART_0/U0/UART_Manager_inst/Inst_uart/E[0]                                         | Color2Grey_i/proc_sys_reset_0/U0/peripheral_reset[0]                                                                                                   |                2 |              8 |         4.00 |
|  Color2Grey_i/clk_wiz_0/inst/clk_out1 | Color2Grey_i/AXI4Stream_UART_0/U0/UART_Manager_inst/data_stream_in[7]_i_1_n_0                              | Color2Grey_i/proc_sys_reset_0/U0/peripheral_reset[0]                                                                                                   |                1 |              8 |         8.00 |
|  Color2Grey_i/clk_wiz_0/inst/clk_out1 | Color2Grey_i/AXI4Stream_UART_0/U0/UART_Manager_inst/Inst_uart/uart_tx_count[2]_i_1_n_0                     | Color2Grey_i/proc_sys_reset_0/U0/peripheral_reset[0]                                                                                                   |                3 |             10 |         3.33 |
|  Color2Grey_i/clk_wiz_0/inst/clk_out1 | Color2Grey_i/AXI4Stream_UART_0/U0/UART_Manager_inst/Inst_uart/uart_rx_data_vec                             | Color2Grey_i/proc_sys_reset_0/U0/peripheral_reset[0]                                                                                                   |                3 |             11 |         3.67 |
|  Color2Grey_i/clk_wiz_0/inst/clk_out1 |                                                                                                            | Color2Grey_i/AXI4Stream_UART_0/U0/FIFO_DATA_TX/gnuram_async_fifo.xpm_fifo_base_inst/xpm_fifo_rst_inst/wrst_busy                                        |                5 |             12 |         2.40 |
|  Color2Grey_i/clk_wiz_0/inst/clk_out1 |                                                                                                            | Color2Grey_i/AXI4Stream_UART_0/U0/FIFO_DATA_RX/gnuram_async_fifo.xpm_fifo_base_inst/xpm_fifo_rst_inst/wrst_busy                                        |                3 |             12 |         4.00 |
|  Color2Grey_i/clk_wiz_0/inst/clk_out1 |                                                                                                            | Color2Grey_i/AXI4Stream_UART_0/U0/FIFO_DATA_TX/gnuram_async_fifo.xpm_fifo_base_inst/xpm_fifo_rst_inst/gen_rst_ic.fifo_rd_rst_ic_reg_0                  |                7 |             15 |         2.14 |
|  Color2Grey_i/clk_wiz_0/inst/clk_out1 |                                                                                                            | Color2Grey_i/AXI4Stream_UART_0/U0/FIFO_DATA_RX/gnuram_async_fifo.xpm_fifo_base_inst/xpm_fifo_rst_inst/gen_rst_ic.fifo_rd_rst_ic_reg_0                  |                7 |             15 |         2.14 |
|  Color2Grey_i/clk_wiz_0/inst/clk_out1 | Color2Grey_i/AXI4Stream_UART_0/U0/FIFO_DATA_RX/gnuram_async_fifo.xpm_fifo_base_inst/rdp_inst/E[0]          | Color2Grey_i/AXI4Stream_UART_0/U0/FIFO_DATA_RX/gnuram_async_fifo.xpm_fifo_base_inst/xpm_fifo_rst_inst/gen_rst_ic.fifo_rd_rst_ic_reg_0                  |                6 |             23 |         3.83 |
|  Color2Grey_i/clk_wiz_0/inst/clk_out1 | Color2Grey_i/AXI4Stream_UART_0/U0/FIFO_DATA_TX/gnuram_async_fifo.xpm_fifo_base_inst/rdp_inst/E[0]          | Color2Grey_i/AXI4Stream_UART_0/U0/FIFO_DATA_TX/gnuram_async_fifo.xpm_fifo_base_inst/xpm_fifo_rst_inst/gen_rst_ic.fifo_rd_rst_ic_reg_0                  |                6 |             23 |         3.83 |
|  Color2Grey_i/clk_wiz_0/inst/clk_out1 | Color2Grey_i/AXI4Stream_UART_0/U0/FIFO_DATA_RX/gnuram_async_fifo.xpm_fifo_base_inst/xpm_fifo_rst_inst/E[0] | Color2Grey_i/AXI4Stream_UART_0/U0/FIFO_DATA_RX/gnuram_async_fifo.xpm_fifo_base_inst/xpm_fifo_rst_inst/wrst_busy                                        |                9 |             34 |         3.78 |
|  Color2Grey_i/clk_wiz_0/inst/clk_out1 |                                                                                                            | Color2Grey_i/proc_sys_reset_0/U0/peripheral_reset[0]                                                                                                   |               16 |             38 |         2.38 |
|  Color2Grey_i/clk_wiz_0/inst/clk_out1 | Color2Grey_i/AXI4Stream_UART_0/U0/FIFO_DATA_TX/gnuram_async_fifo.xpm_fifo_base_inst/xpm_fifo_rst_inst/E[0] | Color2Grey_i/AXI4Stream_UART_0/U0/FIFO_DATA_TX/gnuram_async_fifo.xpm_fifo_base_inst/xpm_fifo_rst_inst/wrst_busy                                        |               12 |             45 |         3.75 |
|  Color2Grey_i/clk_wiz_0/inst/clk_out1 |                                                                                                            |                                                                                                                                                        |               47 |            190 |         4.04 |
+---------------------------------------+------------------------------------------------------------------------------------------------------------+--------------------------------------------------------------------------------------------------------------------------------------------------------+------------------+----------------+--------------+


